******************************************************************************
                  TI ARM Linker PC v20.2.0                     
******************************************************************************
>> Linked Mon Jul 20 00:39:53 2020

OUTPUT FILE NAME:   <FreeRTOS_Ex2.out>
ENTRY POINT SYMBOL: "_c_int00_noargs"  address: 00002e61


MEMORY CONFIGURATION

         name            origin    length      used     unused   attr    fill
----------------------  --------  ---------  --------  --------  ----  --------
  FLASH                 00000000   00040000  000031b6  0003ce4a  R  X
  SRAM                  20000000   00008000  0000793c  000006c4  RW X


SEGMENT ALLOCATION MAP

run origin  load origin   length   init length attrs members
----------  ----------- ---------- ----------- ----- -------
00000000    00000000    000031b8   000031b8    r-x
  00000000    00000000    0000026c   0000026c    r-- .intvecs
  0000026c    0000026c    00002d7a   00002d7a    r-x .text
  00002fe8    00002fe8    00000190   00000190    r-- .const
  00003178    00003178    00000040   00000040    r-- .cinit
20000000    20000000    00007940   00000000    rw-
  20000000    20000000    000076ec   00000000    rw- .bss
  200076f0    200076f0    00000200   00000000    rw- .stack
  200078f0    200078f0    00000050   00000000    rw- .data


SECTION ALLOCATION MAP

 output                                  attributes/
section   page    origin      length       input sections
--------  ----  ----------  ----------   ----------------
.intvecs   0    00000000    0000026c     
                  00000000    0000026c     tm4c123gh6pm_startup_ccs.obj (.intvecs)

.text      0    0000026c    00002d7a     
                  0000026c    000018a4     tasks.obj (.text)
                  00001b10    0000049c     uartstdio.obj (.text)
                  00001fac    00000284     freertos_demo.obj (.text)
                  00002230    000001b8     heap_2.obj (.text)
                  000023e8    0000016c     driverlib.lib : gpio.obj (.text:GPIOPadConfigSet)
                  00002554    0000013c     port.obj (.text)
                  00002690    0000012a     list.obj (.text)
                  000027ba    00000002     rtsv7M4_T_le_v4SPD16_eabi.lib : div0.asm.obj (.text)
                  000027bc    000000f4     driverlib.lib : sysctl.obj (.text:SysCtlClockSet)
                  000028b0    000000da     portasm.obj (.text)
                  0000298a    00000002     --HOLE-- [fill = 0]
                  0000298c    000000b0     switches.obj (.text)
                  00002a3c    0000009c     rtsv7M4_T_le_v4SPD16_eabi.lib : memcpy_t2.asm.obj (.text)
                  00002ad8    0000007a                                   : memset_t2.asm.obj (.text)
                  00002b52    00000002     --HOLE-- [fill = 0]
                  00002b54    00000068     driverlib.lib : interrupt.obj (.text:IntEnable)
                  00002bbc    00000068     rtsv7M4_T_le_v4SPD16_eabi.lib : copy_decompress_lzss.c.obj (.text:decompress:lzss:__TI_decompress_lzss)
                  00002c24    00000060     led.obj (.text)
                  00002c84    00000058     driverlib.lib : gpio.obj (.text:GPIOIntTypeSet)
                  00002cdc    0000004c                   : gpio.obj (.text:GPIOPinConfigure)
                  00002d28    00000046                   : uart.obj (.text:UARTConfigSetExpClk)
                  00002d6e    00000002     --HOLE-- [fill = 0]
                  00002d70    00000044     rtsv7M4_T_le_v4SPD16_eabi.lib : autoinit.c.obj (.text:__TI_auto_init_nobinit_nopinit:__TI_auto_init_nobinit_nopinit)
                  00002db4    00000040                                   : u_divt2.asm.obj (.text)
                  00002df4    00000038     driverlib.lib : sysctl.obj (.text:SysCtlPeripheralPresent)
                  00002e2c    00000034                   : sysctl.obj (.text:SysCtlPeripheralEnable)
                  00002e60    00000034     rtsv7M4_T_le_v4SPD16_eabi.lib : boot_cortex_m.c.obj (.text:_c_int00_noargs:_c_int00_noargs)
                  00002e94    0000002c     driverlib.lib : gpio.obj (.text:GPIODirModeSet)
                  00002ec0    00000024                   : interrupt.obj (.text:IntPrioritySet)
                  00002ee4    00000020                   : uart.obj (.text:UARTDisable)
                  00002f04    0000001a                   : gpio.obj (.text:GPIOPinTypeGPIOOutput)
                  00002f1e    00000016                   : gpio.obj (.text:GPIOPinTypeUART)
                  00002f34    00000014                   : uart.obj (.text:UARTEnable)
                  00002f48    00000010                   : interrupt.obj (.text:IntMasterEnable)
                  00002f58    0000000e     rtsv7M4_T_le_v4SPD16_eabi.lib : copy_decompress_none.c.obj (.text:decompress:none:__TI_decompress_none)
                  00002f66    0000000c     driverlib.lib : cpu.obj (.text:CPUcpsie)
                  00002f72    0000000c                   : gpio.obj (.text:GPIOIntEnable)
                  00002f7e    0000000c     rtsv7M4_T_le_v4SPD16_eabi.lib : copy_zero_init.c.obj (.text:decompress:ZI:__TI_zero_init)
                  00002f8a    0000000c     tm4c123gh6pm_startup_ccs.obj (.text)
                  00002f96    0000000a     driverlib.lib : uart.obj (.text:UARTCharGet)
                  00002fa0    0000000a                   : uart.obj (.text:UARTCharPut)
                  00002faa    0000000a                   : uart.obj (.text:UARTIntStatus)
                  00002fb4    00000008                   : uart.obj (.text:UARTIntEnable)
                  00002fbc    00000006                   : gpio.obj (.text:GPIOIntClear)
                  00002fc2    00000006                   : gpio.obj (.text:GPIOPinRead)
                  00002fc8    00000006                   : gpio.obj (.text:GPIOPinWrite)
                  00002fce    00000006                   : sysctl.obj (.text:SysCtlDelay)
                  00002fd4    00000006                   : uart.obj (.text:UARTClockSourceSet)
                  00002fda    00000004                   : uart.obj (.text:UARTIntClear)
                  00002fde    00000004     rtsv7M4_T_le_v4SPD16_eabi.lib : pre_init.c.obj (.text:_system_pre_init)
                  00002fe2    00000004                                   : exit.c.obj (.text:abort:abort)

.const     0    00002fe8    00000190     
                  00002fe8    0000009c     driverlib.lib : interrupt.obj (.const:g_pui32Regs)
                  00003084    00000090                   : gpio.obj (.const:g_pui32GPIOBaseAddrs)
                  00003114    00000014                   : interrupt.obj (.const:g_pui32EnRegs)
                  00003128    00000012     uartstdio.obj (.const:.string)
                  0000313a    00000002     --HOLE-- [fill = 0]
                  0000313c    0000000c     uartstdio.obj (.const:g_ui32UARTBase)
                  00003148    0000000c     uartstdio.obj (.const:g_ui32UARTPeriph)
                  00003154    0000000c     led.obj (.const:ledPin)
                  00003160    00000008     freertos_demo.obj (.const:.string:$P$T1$2)
                  00003168    00000007     freertos_demo.obj (.const:.string:$P$T0$1)
                  0000316f    00000001     --HOLE-- [fill = 0]
                  00003170    00000004     port.obj (.const)
                  00003174    00000004     uartstdio.obj (.const)

.cinit     0    00003178    00000040     
                  00003178    00000017     (.cinit..data.load) [load image, compression = lzss]
                  0000318f    00000001     --HOLE-- [fill = 0]
                  00003190    0000000c     (__TI_handler_table)
                  0000319c    00000004     --HOLE-- [fill = 0]
                  000031a0    00000008     (.cinit..bss.load) [load image, compression = zero_init]
                  000031a8    00000010     (__TI_cinit_table)

.init_array 
*          0    00000000    00000000     UNINITIALIZED

.bss       0    20000000    000076ec     UNINITIALIZED
                  20000000    00007530     heap_2.obj (.bss:ucHeap)
                  20007530    00000140     tasks.obj (.bss:pxReadyTasksLists)
                  20007670    00000014     tasks.obj (.bss:xDelayedTaskList1)
                  20007684    00000014     tasks.obj (.bss:xDelayedTaskList2)
                  20007698    00000014     tasks.obj (.bss:xPendingReadyList)
                  200076ac    00000014     tasks.obj (.bss:xSuspendedTaskList)
                  200076c0    00000014     tasks.obj (.bss:xTasksWaitingTermination)
                  200076d4    00000008     tasks.obj (.bss)
                  200076dc    00000008     heap_2.obj (.bss:xEnd)
                  200076e4    00000008     heap_2.obj (.bss:xStart)

.data      0    200078f0    00000050     UNINITIALIZED
                  200078f0    00000034     tasks.obj (.data)
                  20007924    00000008     freertos_demo.obj (.data)
                  2000792c    00000008     heap_2.obj (.data)
                  20007934    00000005     uartstdio.obj (.data)
                  20007939    00000003     --HOLE--
                  2000793c    00000004     port.obj (.data)

.stack     0    200076f0    00000200     UNINITIALIZED
                  200076f0    00000004     rtsv7M4_T_le_v4SPD16_eabi.lib : boot_cortex_m.c.obj (.stack)
                  200076f4    000001fc     --HOLE--

__llvm_prf_cnts 
*          0    20000000    00000000     UNINITIALIZED

MODULE SUMMARY

       Module                         code    ro data   rw data
       ------                         ----    -------   -------
    .\
       tm4c123gh6pm_startup_ccs.obj   12      620       0      
    +--+------------------------------+-------+---------+---------+
       Total:                         12      620       0      
                                                               
    .\Application\
       freertos_demo.obj              644     15        8      
    +--+------------------------------+-------+---------+---------+
       Total:                         644     15        8      
                                                               
    .\FreeRTOS\
       heap_2.obj                     440     0         30024  
       tasks.obj                      6308    0         480    
       port.obj                       316     4         4      
       list.obj                       298     0         0      
       portasm.obj                    218     0         0      
    +--+------------------------------+-------+---------+---------+
       Total:                         7580    4         30508  
                                                               
    .\drivers\
       uartstdio.obj                  1180    46        5      
       switches.obj                   176     0         0      
       led.obj                        96      12        0      
    +--+------------------------------+-------+---------+---------+
       Total:                         1452    58        5      
                                                               
    C:/ti/TivaWare_C_Series-2.2.0.295/driverlib/ccs/Debug/driverlib.lib
       gpio.obj                       650     144       0      
       sysctl.obj                     358     0         0      
       interrupt.obj                  156     176       0      
       uart.obj                       170     0         0      
       cpu.obj                        12      0         0      
    +--+------------------------------+-------+---------+---------+
       Total:                         1346    320       0      
                                                               
    C:\ti\ccs1000\ccs\tools\compiler\ti-cgt-arm_20.2.0.LTS\lib\rtsv7M4_T_le_v4SPD16_eabi.lib
       memcpy_t2.asm.obj              156     0         0      
       memset_t2.asm.obj              122     0         0      
       copy_decompress_lzss.c.obj     104     0         0      
       autoinit.c.obj                 68      0         0      
       u_divt2.asm.obj                64      0         0      
       boot_cortex_m.c.obj            52      0         0      
       copy_decompress_none.c.obj     14      0         0      
       copy_zero_init.c.obj           12      0         0      
       exit.c.obj                     4       0         0      
       pre_init.c.obj                 4       0         0      
       div0.asm.obj                   2       0         0      
    +--+------------------------------+-------+---------+---------+
       Total:                         602     0         0      
                                                               
       Stack:                         0       0         512    
       Linker Generated:              0       59        0      
    +--+------------------------------+-------+---------+---------+
       Grand Total:                   11636   1076      31033  


LINKER GENERATED COPY TABLES

__TI_cinit_table @ 000031a8 records: 2, size/record: 8, table size: 16
	.data: load addr=00003178, load size=00000017 bytes, run addr=200078f0, run size=00000050 bytes, compression=lzss
	.bss: load addr=000031a0, load size=00000008 bytes, run addr=20000000, run size=000076ec bytes, compression=zero_init


LINKER GENERATED HANDLER TABLE

__TI_handler_table @ 00003190 records: 3, size/record: 4, table size: 12
	index: 0, handler: __TI_decompress_lzss
	index: 1, handler: __TI_decompress_none
	index: 2, handler: __TI_zero_init


GLOBAL SYMBOLS: SORTED ALPHABETICALLY BY Name 

address   name                               
-------   ----                               
00002fe3  C$$EXIT                            
00002f67  CPUcpsie                           
00002e95  GPIODirModeSet                     
00002fbd  GPIOIntClear                       
00002f73  GPIOIntEnable                      
00002c85  GPIOIntTypeSet                     
000023e9  GPIOPadConfigSet                   
00002cdd  GPIOPinConfigure                   
00002fc3  GPIOPinRead                        
00002f05  GPIOPinTypeGPIOOutput              
00002f1f  GPIOPinTypeUART                    
00002fc9  GPIOPinWrite                       
00001fc3  InitConsole                        
00002b55  IntEnable                          
00002f49  IntMasterEnable                    
00002ec1  IntPrioritySet                     
00002c37  LedControl                         
00002c25  LedInit                            
00002f8b  ResetISR                           
000027bd  SysCtlClockSet                     
00002fcf  SysCtlDelay                        
00002e2d  SysCtlPeripheralEnable             
00002df5  SysCtlPeripheralPresent            
00002f97  UARTCharGet                        
00002fa1  UARTCharPut                        
00002fd5  UARTClockSourceSet                 
00002d29  UARTConfigSetExpClk                
00002ee5  UARTDisable                        
00002f35  UARTEnable                         
00002fdb  UARTIntClear                       
00002fb5  UARTIntEnable                      
0000212f  UARTIntHandler                     
00002fab  UARTIntStatus                      
00001b11  UARTStdioConfig                    
00001c57  UARTgetc                           
00001b9d  UARTgets                           
00001f77  UARTprintf                         
00001c7d  UARTvprintf                        
00001b57  UARTwrite                          
200078f0  __STACK_END                        
00000200  __STACK_SIZE                       
200078f0  __STACK_TOP                        
000031a8  __TI_CINIT_Base                    
000031b8  __TI_CINIT_Limit                   
00003190  __TI_Handler_Table_Base            
0000319c  __TI_Handler_Table_Limit           
00002d71  __TI_auto_init_nobinit_nopinit     
00002bbd  __TI_decompress_lzss               
00002f59  __TI_decompress_none               
ffffffff  __TI_pprof_out_hndl                
ffffffff  __TI_prof_data_size                
ffffffff  __TI_prof_data_start               
00000000  __TI_static_base__                 
00002f7f  __TI_zero_init                     
000027bb  __aeabi_idiv0                      
000027bb  __aeabi_ldiv0                      
00002ad9  __aeabi_memclr                     
00002ad9  __aeabi_memclr4                    
00002ad9  __aeabi_memclr8                    
00002a3d  __aeabi_memcpy                     
00002a3d  __aeabi_memcpy4                    
00002a3d  __aeabi_memcpy8                    
00002adb  __aeabi_memset                     
00002adb  __aeabi_memset4                    
00002adb  __aeabi_memset8                    
00002db5  __aeabi_uidiv                      
00002db5  __aeabi_uidivmod                   
ffffffff  __binit__                          
ffffffff  __c_args__                         
00001fad  __error__                          
UNDEFED   __mpu_init                         
200076f0  __stack                            
20000000  __start___llvm_prf_cnts            
20000000  __stop___llvm_prf_cnts             
00002e61  _c_int00_noargs                    
UNDEFED   _system_post_cinit                 
00002fdf  _system_pre_init                   
00002fe3  abort                              
ffffffff  binit                              
20007924  d                                  
000005dd  eTaskGetState                      
00000000  g_pfnVectors                       
00003154  ledPin                             
00002035  main                               
00002a3d  memcpy                             
00002ae1  memset                             
00000ba3  pcTaskGetName                      
00002231  pvPortMalloc                       
0000162f  pvTaskIncrementMutexHeldCount      
200078f0  pxCurrentTCB                       
00002555  pxPortInitialiseStack              
000029fb  swIntEnable                        
0000298d  switchInit                         
000029c3  switchState                        
20007928  t                                  
00003170  ulMaxSyscallInterruptPriority      
000028c1  ulPortGetIPSR                      
0000164d  ulTaskNotifyTake                   
00002773  uxListRemove                       
00000b9d  uxTaskGetNumberOfTasks             
00001319  uxTaskGetStackHighWaterMark        
00000bc9  uxTaskGetSystemState               
000010a9  uxTaskGetTaskNumber                
00000671  uxTaskPriorityGet                  
000006a1  uxTaskPriorityGetFromISR           
0000160d  uxTaskResetEventItemValue          
00001fb9  vApplicationStackOverflowHook      
00001fff  vApplicationTickHook               
00002691  vListInitialise                    
000026c1  vListInitialiseItem                
0000270d  vListInsert                        
000026d1  vListInsertEnd                     
0000297d  vPortEnableVFP                     
000025f5  vPortEndScheduler                  
000025f7  vPortEnterCritical                 
00002617  vPortExitCritical                  
00002329  vPortFree                          
0000238d  vPortInitialiseBlocks              
00002939  vPortSVCHandler                    
00002653  vPortSetupTimerInterrupt           
00002959  vPortStartFirstTask                
000005a1  vTaskDelay                         
00000511  vTaskDelayUntil                    
00000463  vTaskDelete                        
00000a63  vTaskEndScheduler                  
00001189  vTaskGetInfo                       
00000ff5  vTaskInternalSetTimeOutState       
0000109b  vTaskMissedYield                   
00001969  vTaskNotifyGiveFromISR             
00000e97  vTaskPlaceOnEventList              
00000eb9  vTaskPlaceOnUnorderedEventList     
0000153b  vTaskPriorityDisinheritAfterTimeout
000006ed  vTaskPrioritySet                   
00000f75  vTaskRemoveFromUnorderedEventList  
00000911  vTaskResume                        
000010c9  vTaskSetTaskNumber                 
00000fd7  vTaskSetTimeOutState               
00000a19  vTaskStartScheduler                
00000805  vTaskSuspend                       
00000a7f  vTaskSuspendAll                    
00000df5  vTaskSwitchContext                 
00002387  xPortGetFreeHeapSize               
000028d9  xPortPendSVHandler                 
000025bf  xPortStartScheduler                
0000262d  xPortSysTickHandler                
0000101d  xTaskCheckForTimeOut               
0000026d  xTaskCreate                        
0000176f  xTaskGenericNotify                 
00001859  xTaskGenericNotifyFromISR          
0000138d  xTaskGetCurrentTaskHandle          
00000b75  xTaskGetTickCount                  
00000b89  xTaskGetTickCountFromISR           
00000cbd  xTaskIncrementTick                 
00001a17  xTaskNotifyStateClear              
000016c9  xTaskNotifyWait                    
0000149f  xTaskPriorityDisinherit            
000013c1  xTaskPriorityInherit               
00000ef1  xTaskRemoveFromEventList           
00000a91  xTaskResumeAll                     
00000989  xTaskResumeFromISR                 


GLOBAL SYMBOLS: SORTED BY Symbol Address 

address   name                               
-------   ----                               
00000000  __TI_static_base__                 
00000000  g_pfnVectors                       
00000200  __STACK_SIZE                       
0000026d  xTaskCreate                        
00000463  vTaskDelete                        
00000511  vTaskDelayUntil                    
000005a1  vTaskDelay                         
000005dd  eTaskGetState                      
00000671  uxTaskPriorityGet                  
000006a1  uxTaskPriorityGetFromISR           
000006ed  vTaskPrioritySet                   
00000805  vTaskSuspend                       
00000911  vTaskResume                        
00000989  xTaskResumeFromISR                 
00000a19  vTaskStartScheduler                
00000a63  vTaskEndScheduler                  
00000a7f  vTaskSuspendAll                    
00000a91  xTaskResumeAll                     
00000b75  xTaskGetTickCount                  
00000b89  xTaskGetTickCountFromISR           
00000b9d  uxTaskGetNumberOfTasks             
00000ba3  pcTaskGetName                      
00000bc9  uxTaskGetSystemState               
00000cbd  xTaskIncrementTick                 
00000df5  vTaskSwitchContext                 
00000e97  vTaskPlaceOnEventList              
00000eb9  vTaskPlaceOnUnorderedEventList     
00000ef1  xTaskRemoveFromEventList           
00000f75  vTaskRemoveFromUnorderedEventList  
00000fd7  vTaskSetTimeOutState               
00000ff5  vTaskInternalSetTimeOutState       
0000101d  xTaskCheckForTimeOut               
0000109b  vTaskMissedYield                   
000010a9  uxTaskGetTaskNumber                
000010c9  vTaskSetTaskNumber                 
00001189  vTaskGetInfo                       
00001319  uxTaskGetStackHighWaterMark        
0000138d  xTaskGetCurrentTaskHandle          
000013c1  xTaskPriorityInherit               
0000149f  xTaskPriorityDisinherit            
0000153b  vTaskPriorityDisinheritAfterTimeout
0000160d  uxTaskResetEventItemValue          
0000162f  pvTaskIncrementMutexHeldCount      
0000164d  ulTaskNotifyTake                   
000016c9  xTaskNotifyWait                    
0000176f  xTaskGenericNotify                 
00001859  xTaskGenericNotifyFromISR          
00001969  vTaskNotifyGiveFromISR             
00001a17  xTaskNotifyStateClear              
00001b11  UARTStdioConfig                    
00001b57  UARTwrite                          
00001b9d  UARTgets                           
00001c57  UARTgetc                           
00001c7d  UARTvprintf                        
00001f77  UARTprintf                         
00001fad  __error__                          
00001fb9  vApplicationStackOverflowHook      
00001fc3  InitConsole                        
00001fff  vApplicationTickHook               
00002035  main                               
0000212f  UARTIntHandler                     
00002231  pvPortMalloc                       
00002329  vPortFree                          
00002387  xPortGetFreeHeapSize               
0000238d  vPortInitialiseBlocks              
000023e9  GPIOPadConfigSet                   
00002555  pxPortInitialiseStack              
000025bf  xPortStartScheduler                
000025f5  vPortEndScheduler                  
000025f7  vPortEnterCritical                 
00002617  vPortExitCritical                  
0000262d  xPortSysTickHandler                
00002653  vPortSetupTimerInterrupt           
00002691  vListInitialise                    
000026c1  vListInitialiseItem                
000026d1  vListInsertEnd                     
0000270d  vListInsert                        
00002773  uxListRemove                       
000027bb  __aeabi_idiv0                      
000027bb  __aeabi_ldiv0                      
000027bd  SysCtlClockSet                     
000028c1  ulPortGetIPSR                      
000028d9  xPortPendSVHandler                 
00002939  vPortSVCHandler                    
00002959  vPortStartFirstTask                
0000297d  vPortEnableVFP                     
0000298d  switchInit                         
000029c3  switchState                        
000029fb  swIntEnable                        
00002a3d  __aeabi_memcpy                     
00002a3d  __aeabi_memcpy4                    
00002a3d  __aeabi_memcpy8                    
00002a3d  memcpy                             
00002ad9  __aeabi_memclr                     
00002ad9  __aeabi_memclr4                    
00002ad9  __aeabi_memclr8                    
00002adb  __aeabi_memset                     
00002adb  __aeabi_memset4                    
00002adb  __aeabi_memset8                    
00002ae1  memset                             
00002b55  IntEnable                          
00002bbd  __TI_decompress_lzss               
00002c25  LedInit                            
00002c37  LedControl                         
00002c85  GPIOIntTypeSet                     
00002cdd  GPIOPinConfigure                   
00002d29  UARTConfigSetExpClk                
00002d71  __TI_auto_init_nobinit_nopinit     
00002db5  __aeabi_uidiv                      
00002db5  __aeabi_uidivmod                   
00002df5  SysCtlPeripheralPresent            
00002e2d  SysCtlPeripheralEnable             
00002e61  _c_int00_noargs                    
00002e95  GPIODirModeSet                     
00002ec1  IntPrioritySet                     
00002ee5  UARTDisable                        
00002f05  GPIOPinTypeGPIOOutput              
00002f1f  GPIOPinTypeUART                    
00002f35  UARTEnable                         
00002f49  IntMasterEnable                    
00002f59  __TI_decompress_none               
00002f67  CPUcpsie                           
00002f73  GPIOIntEnable                      
00002f7f  __TI_zero_init                     
00002f8b  ResetISR                           
00002f97  UARTCharGet                        
00002fa1  UARTCharPut                        
00002fab  UARTIntStatus                      
00002fb5  UARTIntEnable                      
00002fbd  GPIOIntClear                       
00002fc3  GPIOPinRead                        
00002fc9  GPIOPinWrite                       
00002fcf  SysCtlDelay                        
00002fd5  UARTClockSourceSet                 
00002fdb  UARTIntClear                       
00002fdf  _system_pre_init                   
00002fe3  C$$EXIT                            
00002fe3  abort                              
00003154  ledPin                             
00003170  ulMaxSyscallInterruptPriority      
00003190  __TI_Handler_Table_Base            
0000319c  __TI_Handler_Table_Limit           
000031a8  __TI_CINIT_Base                    
000031b8  __TI_CINIT_Limit                   
20000000  __start___llvm_prf_cnts            
20000000  __stop___llvm_prf_cnts             
200076f0  __stack                            
200078f0  __STACK_END                        
200078f0  __STACK_TOP                        
200078f0  pxCurrentTCB                       
20007924  d                                  
20007928  t                                  
ffffffff  __TI_pprof_out_hndl                
ffffffff  __TI_prof_data_size                
ffffffff  __TI_prof_data_start               
ffffffff  __binit__                          
ffffffff  __c_args__                         
ffffffff  binit                              
UNDEFED   __mpu_init                         
UNDEFED   _system_post_cinit                 

[160 symbols]
